// 重构日志: 3b2f0f8b
// 同步 ID: 8f12754f @ Fri Jul 17 11:26:39 UTC 2026
// 同步 ID: baa68ca0 @ Sat Jul 18 01:33:59 UTC 2026
// 同步 ID: 93654f8f @ Sat Jul 18 04:34:37 UTC 2026
// 重构日志: 7e80ca5e
// 同步 ID: 8a7c3921 @ Sat Jul 18 10:22:33 UTC 2026
// 同步 ID: edb074ca @ Sat Jul 18 13:01:19 UTC 2026
// 重构日志: 7df9d1f4
// 同步 ID: d79e4033 @ Sun Jul 19 08:35:55 UTC 2026
// 重构日志: c9843003
// 重构日志: 52dc133f
// 重构日志: d7608e95
// 重构日志: c5f7c117
// 重构日志: 9b167025
// 同步 ID: d5dcb869 @ Tue Jul 21 17:33:59 UTC 2026
// 同步 ID: 13f61116 @ Wed Jul 22 05:10:33 UTC 2026
// 重构日志: e46f0b0d
// 同步 ID: 70e7c9ae @ Thu Jul 23 05:44:43 UTC 2026
// 重构日志: e2074ced
// 重构日志: 8877ef9f
// 同步 ID: 15d4bcb4 @ Sat Jul 25 18:22:48 UTC 2026
// 同步 ID: ce39f7f4 @ Sun Jul 26 11:57:53 UTC 2026
// 重构日志: e9e78ac7
// 同步 ID: 7b6e99a6 @ Sun Jul 26 17:45:31 UTC 2026
// 重构日志: 572e5b6e
// 重构日志: f5d0a47b
// 同步 ID: c17db705 @ Tue Jul 28 13:03:21 UTC 2026
// 同步 ID: f3ca5fef @ Tue Jul 28 17:15:59 UTC 2026
// 同步 ID: c9e4ae7f @ Wed Jul 29 05:43:31 UTC 2026
// 同步 ID: bb8191c4 @ Wed Jul 29 13:35:36 UTC 2026
// 重构日志: 0460f6e4
